---
source: src/ui.rs
assertion_line: 469
expression: "render_settings_snapshot(120, 40)"
---
┌Command───────────────────────────────────────────────────────────────────────────────────────────────────────────────┐
│ Skillroom 5 / 5 skills [/] Search skills... focus=Settings sort=Name asc                                             │
└──────────────────────────────────────────────────────────────────────────────────────────────────────────────────────┘
┌Skills────────────────────────────────────────────────────────────────┐┌Details───────────────────────────────────────┐
│Name              Source           Scope    State    Risk     Update  ││Name: code-review                             │
│> code-review     curated          Local    Update   Medium   1.9.2   ││Scope: Local                                  │
│  data-analysis ┌Settings────────────────────────────────────────────────────────────────────────────┐                │
│  legacy-deploy │Settings  Esc cancels                                                               │                │
│  taproom       │Config: skillroom/config.toml                                                       │                │
│  web-scraper   │                                                                                    │iew             │
│                │> Theme       Tokyo Night  Enter cycles theme                                       │                │
│                │  Language    English  Enter cycles language                                        │                │
│                │  Cache TTL   1800s  Enter cycles TTL                                               │s, 0 assets, 360│
│                │  Cache       ready  Enter clears cache state                                       │                │
│                │  Safety      delete confirmation locked  Cannot disable guard rails                │                │
│                │  Sources     1 configured  Enter manages source                                    │                │
│                │  Save        persist config.toml  Enter writes config                              │sts with reposit│
│                │                                                                                    │                │
│                │                                                                                    │                │
│                │                                                                                    │                │
│                │                                                                                    │                │
│                │                                                                                    │                │
│                │                                                                                    │────────────────┘
│                │                                                                                    │────────────────┐
│                │                                                                                    │                │
│                │                                                                                    │                │
│                │                                                                                    │                │
│                │                                                                                    │                │
│                │                                                                                    │                │
└────────────────│                                                                                    │────────────────┘
┌Output──────────│                                                                                    │────────────────┐
│> [system] Skill│                                                                                    │                │
│> [skill] Loaded│                                                                                    │                │
│> [prompt] Ready└────────────────────────────────────────────────────────────────────────────────────┘                │
│> [error] legacy-deploy: SKILL.md frontmatter is missing required fields                                              │
│> [settings] Opened settings.                                                                                         │
└──────────────────────────────────────────────────────────────────────────────────────────────────────────────────────┘
┌──────────────────────────────────────────────────────────────────────────────────────────────────────────────────────┐
│ q quit  / search  ? help  , settings  Tab focus  Enter select                                                        │
└──────────────────────────────────────────────────────────────────────────────────────────────────────────────────────┘
