---
source: src/ui.rs
assertion_line: 1081
expression: "render_settings_snapshot(120, 40)"
---
╭──────────────────────────────────────────────────────────────────────────────────╮╭Filters───────────────────────────╮
│ / Search skills...                                                               ││Space qianchuan/fe                │
╰──────────────────────────────────────────────────────────────────────────────────╯╰──────────────────────────────────╯

╭Skills──────────────────────────────────────────────────────────────────────────╮╭Details─────────────────────────────╮
│    ↑ Name            Source            Scope     State       Risk      Update  ││◇ code-review                       │
│                ╭Settings────────────────────────────────────────────────────────────────────────────╮ with           │
│↻   code-review │Settings  Esc cancels                                                               │ventions and    │
│◆   data-analysi│Config: skillroom/config.toml                                                       │                │
│!   legacy-deplo│                                                                                    │                │
│◆   taproom     │> Theme                         Tokyo Night  Enter cycles theme                     │                │
│◆   web-scraper │  Language                      English  Enter cycles language                      │                │
│                │  Cache TTL                     1800s  Enter cycles TTL                             │                │
│                │  Cache                         ready  Enter clears cache state                     │s/code-review   │
│                │  Safety                        locked  Cannot disable guard rails                  │                │
│                │  Space                         qianchuan/fe  Enter cycles configured spaces        │                │
│                │  Sources                       1 configured  Enter adds disabled source            │                │
│                │  Source bytedance-agentbuddy   enabled  Enter toggles source                       │, agent-2]      │
│                │  Test bytedance-agentbuddy     not-tested  Enter dry-runs source                   │                │
│                │  Save                          persist config.toml  Enter writes config            │irs, 1 refs, 0  │
│                │                                                                                    │                │
│                │                                                                                    │view.sh         │
│                │                                                                                    │ove             │
│                │                                                                                    │                │
│                │                                                                                    │ source=curated │
│                │                                                                                    │                │
│                │                                                                                    │quality         │
│                │                                                                                    │                │
│                │                                                                                    │                │
│                │                                                                                    │                │
│                │                                                                                    │                │
│                │                                                                                    │                │
╰────────────────│                                                                                    │────────────────╯
5 visible skills ╰────────────────────────────────────────────────────────────────────────────────────╯
Space qianchuan/fe | Remote scope skills.byted.org/qianchuan/fe | Filter none | Source all | Skill scope all scopes
General   : q: quit R: refresh tab: switch focus /: search esc: clear search enter: exit search s/S: sort
Navigation: j/↓: cursor down k/↑: cursor up PageUp: prev page PageDown: next page g: go to top G: go to bottom
Filter    : a: all f: source i: local o: updates v: active
Commands  : h: open path t: install u: update U: update all x: remove y: copy path ,: settings
