---
source: src/ui.rs
expression: "render_snapshot(80, 24)"
---
╭──────────────────────────────────────────────────────╮╭Filters───────────────╮
│ / Search skills...                                   ││None                  │
╰──────────────────────────────────────────────────────╯╰──────────────────────╯

╭Skills──────────────────────────────────────────╮╭Details─────────────────────╮
│    ↑ Name      Source      Scope     State     ││◇ code-review               │
│                                                ││Review pull requests with   │
│↻   code-revie  curated     Local     Update    ││repository-local conventions│
│◆   data-analy  skills.byt  Global    Active    ││and test gates.             │
│!   legacy-dep  local/arch  Local     Error     ││                            │
│◆   taproom     local/git   Local     Ready     ││Primary                     │
│◆   web-scrape  github      Global    Ready     ││Version: 1.8.0              │
│                                                ││Signals: none               │
│                                                ││Owner: unknown              │
│                                                ││Access: not installable     │
│                                                ││State: Update               │
╰────────────────────────────────────────────────╯╰────────────────────────────╯
5 visible skills | 5 total | 2 local | 1 updates | 1 high risk
Space none | Filter none | Source all
General   : q: quit R: refresh /: search ?: help
Navigation: j/↓: down k/↑: up PgUp: prev PgDn: next
Filter    : a: all f: source i: local o: updates
Commands  : enter/l: details s: spaces h: open path +: full -: back
