---
source: src/ui.rs
assertion_line: 657
expression: "render_app_snapshot(app, 120, 40)"
---
┌命 令 ──────────────────────────────────────────────────────────────────────────────────────────────────────────────────┐
│ Skillroom 5 / 5 skills [/] 搜 索  skills... 焦 点 =Settings 排 序 =名 称  asc                                                │
└──────────────────────────────────────────────────────────────────────────────────────────────────────────────────────┘
┌Skills────────────────────────────────────────────────────────────────┐┌详 情 ──────────────────────────────────────────┐
│名 称               来 源              范 围      状 态      风 险      更 新     ││名 称 : code-review                             │
│> code-review     curated          Local    Update   Medium   1.9.2   ││范 围 : Local                                   │
│  data-analysis ┌设 置 ────────────────────────────────────────────────────────────────────────────────┐                │
│  legacy-deploy │设 置   Esc 取 消                                                                       │                │
│  taproom       │配 置 : skillroom/config.toml                                                         │                │
│  web-scraper   │                                                                                    │iew             │
│                │> 主 题                             Tokyo Night  Enter 切 换 主 题                        │                │
│                │  语 言                             中 文   Enter 切 换 语 言                               │ted             │
│                │  缓 存  TTL                        1800s  Enter 切 换  TTL                             │                │
│                │  缓 存                             ready  Enter 清 理 缓 存 状 态                          │, 0 assets, 360 │
│                │  安 全                             已 锁 定   不 能 关 闭 安 全 底 线                           │                │
│                │  来 源                             1 个 已 配 置   Enter 新 增 禁 用 来 源                     │                │
│                │  来 源  skills.bytedance.net       启 用   Enter 启 用 /禁 用 来 源                          │                │
│                │  测 试  skills.bytedance.net       not-tested  Enter 本 地 测 试 来 源                     │h repository-loc│
│                │  保 存                             持 久 化  config.toml  Enter 写 入 配 置                 │                │
│                │                                                                                    │                │
│                │                                                                                    │                │
│                │                                                                                    │                │
│                │                                                                                    │────────────────┘
│                │                                                                                    │────────────────┐
│                │                                                                                    │                │
│                │                                                                                    │                │
│                │                                                                                    │                │
│                │                                                                                    │                │
│                │                                                                                    │                │
└────────────────│                                                                                    │────────────────┘
┌输 出 ────────────│                                                                                    │────────────────┐
│> [system] Skill│                                                                                    │                │
│> [skill] Loaded│                                                                                    │                │
│> [prompt] Ready└────────────────────────────────────────────────────────────────────────────────────┘                │
│> [error] legacy-deploy: SKILL.md frontmatter is missing required fields                                              │
│> [settings] Opened settings.                                                                                         │
└──────────────────────────────────────────────────────────────────────────────────────────────────────────────────────┘
┌──────────────────────────────────────────────────────────────────────────────────────────────────────────────────────┐
│ q 退 出   / 搜 索   ? 帮 助   , 设 置   Tab 焦 点   Enter 选 择                                                                  │
└──────────────────────────────────────────────────────────────────────────────────────────────────────────────────────┘
