---
source: src/ui.rs
assertion_line: 617
expression: "render_snapshot(160, 50)"
---
┌Command───────────────────────────────────────────────────────────────────────────────────────────────────────────────────────────────────────────────────────┐
│ Skillroom 5 / 5 skills [/] Search skills... focus=Table sort=Name asc                                                                                        │
└──────────────────────────────────────────────────────────────────────────────────────────────────────────────────────────────────────────────────────────────┘
┌Skills──────────────────────────────────────────────────────────────────────────────────────────────┐┌Details─────────────────────────────────────────────────┐
│Name                     Source                   Scope    State    Risk     Update                 ││Name: code-review                                       │
│> code-review            curated                  Local    Update   Medium   1.9.2                  ││Scope: Local                                            │
│  data-analysis          skills.bytedance.net     Global   Active   Low      current                ││State: Update                                           │
│  legacy-deploy          local/archive            Local    Error    High     blocked                ││Source: curated                                         │
│  taproom                local/git                Local    Ready    None     current                ││Version: 1.8.0                                          │
│  web-scraper            github                   Global   Ready    Low      current                ││Path: ~/.codex/skills/code-review                       │
│                                                                                                    ││Agents: 2/2 [agent-1, agent-2]                          │
│                                                                                                    ││Metadata: installed, source=curated                     │
│                                                                                                    ││Risk: Medium                                            │
│                                                                                                    ││Files: 12 files, 2 dirs, 1 refs, 0 assets, 360 lines    │
│                                                                                                    ││Scripts: lint.sh, review.sh                             │
│                                                                                                    ││Actions: update, remove                                 │
│                                                                                                    ││Error: none                                             │
│                                                                                                    ││Description: Review pull requests with repository-local │
│                                                                                                    ││Tags: code, review, quality                             │
│                                                                                                    ││                                                        │
│                                                                                                    ││                                                        │
│                                                                                                    ││                                                        │
│                                                                                                    ││                                                        │
│                                                                                                    ││                                                        │
│                                                                                                    ││                                                        │
│                                                                                                    ││                                                        │
│                                                                                                    ││                                                        │
│                                                                                                    ││                                                        │
│                                                                                                    │└────────────────────────────────────────────────────────┘
│                                                                                                    │┌Stats───────────────────────────────────────────────────┐
│                                                                                                    ││Filters ready                                           │
│                                                                                                    ││Settings placeholder                                    │
│                                                                                                    ││Visible 5                                               │
│                                                                                                    ││Total 5                                                 │
│                                                                                                    ││Local 3                                                 │
│                                                                                                    ││Updates 1                                               │
│                                                                                                    ││High risk 1                                             │
└────────────────────────────────────────────────────────────────────────────────────────────────────┘└────────────────────────────────────────────────────────┘
┌Output────────────────────────────────────────────────────────────────────────────────────────────────────────────────────────────────────────────────────────┐
│> [system] Skillroom daemon started.                                                                                                                          │
│> [skill] Loaded 5 skills from local inventory.                                                                                                               │
│> [prompt] Ready for command.                                                                                                                                 │
│> [error] legacy-deploy: SKILL.md frontmatter is missing required fields                                                                                      │
│                                                                                                                                                              │
│                                                                                                                                                              │
│                                                                                                                                                              │
└──────────────────────────────────────────────────────────────────────────────────────────────────────────────────────────────────────────────────────────────┘
┌──────────────────────────────────────────────────────────────────────────────────────────────────────────────────────────────────────────────────────────────┐
│ q quit  / search  ? help  , settings  Tab focus  Enter select                                                                                                │
└──────────────────────────────────────────────────────────────────────────────────────────────────────────────────────────────────────────────────────────────┘
