---
source: src/ui.rs
expression: "render_app_snapshot(app, 120, 40)"
---
╭──────────────────────────────────────────────────────────────────────────────────╮╭Filters───────────────────────────╮
│ / Search skills...                                                               ││None                              │
╰──────────────────────────────────────────────────────────────────────────────────╯╰──────────────────────────────────╯

╭Skills──────────────────────────────────────────────────────────────────────────╮╭详 情 ────────────────────────────────╮
│    ↑ 名 称             来 源               范 围       状 态         风 险       更 新     ││◇ code-review                       │
│                                                                                ││Review pull requests with           │
│↻   code-review       curated           Local     Update      Medium    1.9.2   ││repository-local conventions and    │
│◆   data-analysis     skills.bytedance  Global    Active      Low       current ││test gates.                         │
│!   legacy-deploy     local/archive     Local     Error       High      blocked ││                                    │
│◆   taproom           local/git         Local     Ready       None      current ││Primary                             │
│◆   web-scraper       github            Global    Ready       Low       current ││版 本 : 1.8.0                         │
│                                                                                ││Author: unknown                     │
│                                                                                ││Signals: none                       │
│                                                                                ││State/Risk: Update | Medium         │
│                                                                                ││操 作 : update, remove                │
│                                                                                ││Access: not installable             │
│                                                                                ││                                    │
│                                                                                ││More                                │
│                                                                                ││Source/Scope: curated | Local       │
│                                                                                ││Space: none                         │
│                                                                                ││Repository: unknown                 │
│                                                                                ││Updated: unknown                    │
│                                                                                ││Maintainers: none                   │
│                                                                                ││Agents: 2/2 [agent-1, agent-2]      │
│                                                                                ││+ fullscreen details  - restore     │
│                                                                                ││                                    │
│                                                                                ││                                    │
│                                                                                ││                                    │
│                                                                                ││                                    │
│                                                                                ││                                    │
│                                                                                ││                                    │
╰────────────────────────────────────────────────────────────────────────────────╯╰────────────────────────────────────╯
5 visible skills | 5 total | 2 local | 1 updates | 1 high risk
Space none | Remote scope local only | Filter none | Source 全 部  | Skill scope 全 部 范 围
General   : q: quit R: refresh tab: switch focus /: search esc: clear search enter/l: details s: spaces
Navigation: j/↓: cursor down k/↑: cursor up PageUp: prev page PageDown: next page g: go to top G: go to bottom
Filter    : a: all f: source i: local o: updates v: active
Commands  : h: open path S: sort t: install u: update U: update all x: remove y: copy path +: full -: back ,: settings
