---
source: src/ui.rs
expression: "render_snapshot(120, 40)"
---
┌Command───────────────────────────────────────────────────────────────────────────────────────────────────────────────┐
│ Skillroom 5 / 5 skills [/] Search skills... focus=Table sort=Name asc                                                │
└──────────────────────────────────────────────────────────────────────────────────────────────────────────────────────┘
┌Skills────────────────────────────────────────────────────────────────┐┌Details───────────────────────────────────────┐
│Name              Source           Scope    State    Risk     Update  ││Name: code-review                             │
│> code-review     curated          Local    Update   Medium   1.9.2   ││Description: Review pull requests with        │
│  data-analysis   skills.bytedance Global   Active   Low      current ││repository-local conventions and test gates.  │
│  legacy-deploy   local/archive    Local    Error    High     blocked ││Path: ~/.codex/skills/code-review             │
│  taproom         local/git        Local    Ready    None     current ││Version: 1.8.0                                │
│  web-scraper     github           Global   Ready    Low      current ││Source: curated                               │
│                                                                      ││Scripts: lint.sh, review.sh                   │
│                                                                      ││Tags: code, review, quality                   │
│                                                                      ││                                              │
│                                                                      ││                                              │
│                                                                      ││                                              │
│                                                                      ││                                              │
│                                                                      ││                                              │
│                                                                      ││                                              │
│                                                                      ││                                              │
│                                                                      ││                                              │
│                                                                      ││                                              │
│                                                                      ││                                              │
│                                                                      │└──────────────────────────────────────────────┘
│                                                                      │┌Stats─────────────────────────────────────────┐
│                                                                      ││Filters ready                                 │
│                                                                      ││Settings placeholder                          │
│                                                                      ││Visible 5                                     │
│                                                                      ││Total 5                                       │
│                                                                      ││Local 3                                       │
└──────────────────────────────────────────────────────────────────────┘└──────────────────────────────────────────────┘
┌Output────────────────────────────────────────────────────────────────────────────────────────────────────────────────┐
│> [system] Skillroom daemon started.                                                                                  │
│> [skill] Loaded fixture skills from local storage.                                                                   │
│> [prompt] Ready for command.                                                                                         │
│                                                                                                                      │
│                                                                                                                      │
└──────────────────────────────────────────────────────────────────────────────────────────────────────────────────────┘
┌──────────────────────────────────────────────────────────────────────────────────────────────────────────────────────┐
│ q quit  / search  ? help  Tab focus  Enter select                                                                    │
└──────────────────────────────────────────────────────────────────────────────────────────────────────────────────────┘
