---
source: src/ui.rs
expression: "render_snapshot(160, 50)"
---
╭──────────────────────────────────────────────────────────────────────────────────────────────────────────────╮╭Filters───────────────────────────────────────╮
│ / Search skills...                                                                                           ││None                                          │
╰──────────────────────────────────────────────────────────────────────────────────────────────────────────────╯╰──────────────────────────────────────────────╯

╭Skills────────────────────────────────────────────────────────────────────────────────────────────────────────╮╭Details───────────────────────────────────────╮
│    ↑ Name                          Source                      Scope     State       Risk      Update        ││◇ code-review                                 │
│                                                                                                              ││Review pull requests with repository-local    │
│↻   code-review                     curated                     Local     Update      Medium    1.9.2         ││conventions and test gates.                   │
│◆   data-analysis                   skills.bytedance.net        Global    Active      Low       current       ││                                              │
│!   legacy-deploy                   local/archive               Local     Error       High      blocked       ││Primary                                       │
│◆   taproom                         local/git                   Local     Ready       None      current       ││Version: 1.8.0                                │
│◆   web-scraper                     github                      Global    Ready       Low       current       ││Signals: none                                 │
│                                                                                                              ││Owner: unknown                                │
│                                                                                                              ││Access: not installable                       │
│                                                                                                              ││State: Update                                 │
│                                                                                                              ││Risk: Medium                                  │
│                                                                                                              ││Actions: update, remove                       │
│                                                                                                              ││+ fullscreen details  - restore               │
│                                                                                                              ││                                              │
│                                                                                                              ││                                              │
│                                                                                                              ││                                              │
│                                                                                                              ││                                              │
│                                                                                                              ││                                              │
│                                                                                                              ││                                              │
│                                                                                                              ││                                              │
│                                                                                                              ││                                              │
│                                                                                                              ││                                              │
│                                                                                                              ││                                              │
│                                                                                                              ││                                              │
│                                                                                                              ││                                              │
│                                                                                                              ││                                              │
│                                                                                                              ││                                              │
│                                                                                                              ││                                              │
│                                                                                                              ││                                              │
│                                                                                                              ││                                              │
│                                                                                                              ││                                              │
│                                                                                                              ││                                              │
│                                                                                                              ││                                              │
│                                                                                                              ││                                              │
│                                                                                                              ││                                              │
│                                                                                                              ││                                              │
│                                                                                                              ││                                              │
╰──────────────────────────────────────────────────────────────────────────────────────────────────────────────╯╰──────────────────────────────────────────────╯
5 visible skills | 5 total | 2 local | 1 updates | 1 high risk
Space none | Remote scope local only | Filter none | Source all | Skill scope all scopes
General   : q: quit R: refresh tab: switch focus /: search esc: clear search enter/l: details s: spaces
Navigation: j/↓: cursor down k/↑: cursor up PageUp: prev page PageDown: next page g: go to top G: go to bottom
Filter    : a: all f: source i: local o: updates v: active
Commands  : h: open path S: sort t: install u: update U: update all x: remove y: copy path +: full -: back ,: settings
