---
source: src/ui.rs
assertion_line: 738
expression: "render_snapshot(80, 24)"
---
┌Command───────────────────────────────────────────────────────────────────────┐
│ Skillroom 5 / 5 skills [/] Search skills... focus=Table sort=Name asc        │
└──────────────────────────────────────────────────────────────────────────────┘
┌Skills──────────────────────────────────────────┐┌Details─────────────────────┐
│Name   Sourc Scope    State    Risk     Update  ││Name: code-review           │
│> code curat Local    Update   Medium   1.9.2   ││Scope: Local                │
│  data skill Global   Active   Low      current ││State: Update               │
│  lega local Local    Error    High     blocked ││Source: curated             │
│  tapr local Local    Ready    None     current ││Version: 1.8.0              │
│  web- githu Global   Ready    Low      current ││Path: ~/.codex/skills/code-r│
│                                                │└────────────────────────────┘
│                                                │┌Stats───────────────────────┐
│                                                ││Filters ready               │
│                                                ││Settings placeholder        │
│                                                ││Visible 5                   │
└────────────────────────────────────────────────┘└────────────────────────────┘
┌Output────────────────────────────────────────────────────────────────────────┐
│> [system] Skillroom daemon started.                                          │
│> [skill] Loaded 5 skills from local inventory.                               │
│> [prompt] Ready for command.                                                 │
└──────────────────────────────────────────────────────────────────────────────┘
┌──────────────────────────────────────────────────────────────────────────────┐
│ q quit  / search  ? help  , settings  Tab focus  i/u/U/x/o/y actions         │
└──────────────────────────────────────────────────────────────────────────────┘
