---
source: src/ui.rs
expression: "render_settings_snapshot(120, 40)"
---
╭──────────────────────────────────────────────────────────────────────────────────╮╭Filters───────────────────────────╮
│ / Search skills...                                                               ││None                              │
╰──────────────────────────────────────────────────────────────────────────────────╯╰──────────────────────────────────╯

╭Skills──────────────────────────────────────────────────────────────────────────╮╭Details─────────────────────────────╮
│    ↑ Name            Source            Scope     State       Risk      Update  ││◇ code-review                       │
│                ╭Settings────────────────────────────────────────────────────────────────────────────╮ with           │
│↻   code-review │Settings  Esc cancels                                                               │ventions and    │
│◆   data-analysi│Config: skillroom/config.toml                                                       │                │
│!   legacy-deplo│                                                                                    │                │
│◆   taproom     │> Theme                         Tokyo Night  Enter cycles theme                     │                │
│◆   web-scraper │  Language                      English  Enter cycles language                      │                │
│                │  Cache TTL                     1800s  Enter cycles TTL                             │                │
│                │  Cache                         ready  Enter clears cache state                     │                │
│                │  Safety                        locked  Cannot disable guard rails                  │ Medium         │
│                │  Preset bytedance-agentbuddy   enabled  Enter adds preset or toggles enabled       │ove             │
│                │  Preset openai-curated         enabled  Enter adds preset or toggles enabled       │ble             │
│                │  Sources                       2 configured  Enter adds disabled source            │                │
│                │  Source bytedance-agentbuddy   enabled  Enter toggles source                       │                │
│                │  Test bytedance-agentbuddy     not-tested  Enter dry-runs source                   │d | Local       │
│                │  Source openai-curated         enabled  Enter toggles source                       │                │
│                │  Test openai-curated           not-tested  Enter dry-runs source                   │                │
│                │  Save                          persist config.toml  Enter writes config            │                │
│                │                                                                                    │                │
│                │                                                                                    │, agent-2]      │
│                │                                                                                    │  - restore     │
│                │                                                                                    │                │
│                │                                                                                    │                │
│                │                                                                                    │                │
│                │                                                                                    │                │
│                │                                                                                    │                │
│                │                                                                                    │                │
╰────────────────│                                                                                    │────────────────╯
5 visible skills ╰────────────────────────────────────────────────────────────────────────────────────╯
Space none | Remote scope local only | Filter none | Source all | Skill scope all scopes
General   : q: quit R: refresh tab: switch focus /: search esc: clear search enter/l: details s: spaces
Navigation: j/↓: cursor down k/↑: cursor up PageUp: prev page PageDown: next page g: go to top G: go to bottom
Filter    : a: all f: source i: local o: updates v: active
Commands  : h: open path S: sort t: install u: update U: update all x: remove y: copy path +: full -: back ,: settings
